// Jest Snapshot v1, https://goo.gl/fbAQLP

exports[`<App /> shallow rendering matches the snapshot 1`] = `
<div
  className="blue"
>
  <h1>
    Welcome to React
  </h1>
  <p
    className="button-state"
  >
    No!
  </p>
  <button
    onClick={[Function]}
  />
  <h2 />
  <input
    onChange={[Function]}
    type="text"
    value=""
  />
</div>
`;
